// Jest Snapshot v1, https://goo.gl/fbAQLP

exports[`Snapshot should preserve all contents 1`] = `
<div
  data-testid="MainAll"
>
  <div
    className="MuiTypography-root makeStyles-typography-47 MuiTypography-h1 MuiTypography-gutterBottom MuiTypography-alignCenter"
    data-testid="TitleAll"
  >
    My Portfolio
    <div
      className="MuiBox-root MuiBox-root-48 makeStyles-titlebox-46"
    >
      -Thank you for visiting!-
    </div>
    <div
      className="MuiGrid-root MuiGrid-container MuiGrid-justify-xs-center"
    >
      <div
        className="MuiAvatar-root MuiAvatar-circular makeStyles-avatar-44"
      >
        <img
          alt="My Portfolio"
          className="MuiAvatar-img"
          src="avatar.jpg"
        />
      </div>
    </div>
  </div>
  <div
    className="MuiGrid-root MuiGrid-container MuiGrid-justify-xs-center"
    style={
      Object {
        "opacity": 0,
        "transform": "scale(0.75, 0.5625)",
        "visibility": "hidden",
      }
    }
  >
    <div
      className="MuiGrid-root MuiGrid-item MuiGrid-grid-xs-12"
    >
      <div
        className="MuiGrid-root MuiGrid-container MuiGrid-spacing-xs-1"
      >
        <div
          className="MuiGrid-root MuiGrid-item MuiGrid-grid-xs-12 MuiGrid-grid-sm-6"
          style={
            Object {
              "opacity": 0,
              "transform": "scale(0.75, 0.5625)",
              "transformOrigin": "10 0 0",
              "visibility": "hidden",
            }
          }
        >
          <div
            className="MuiPaper-root makeStyles-paper-34 MuiPaper-outlined"
          >
            <div
              className="makeStyles-childContainer-32"
            >
              <h2>
                PROFILE
              </h2>
              <div
                className="MuiTableContainer-root"
              >
                <table
                  aria-label="profile table"
                  className="MuiTable-root"
                  role={null}
                >
                  <tbody
                    className="MuiTableBody-root"
                    role={null}
                  >
                    <tr
                      className="MuiTableRow-root"
                      role={null}
                    >
                      <td
                        aria-sort={null}
                        className="MuiTableCell-root MuiTableCell-body"
                      >
                        Age
                      </td>
                      <td
                        aria-sort={null}
                        className="MuiTableCell-root MuiTableCell-body"
                      >
                        26(1994.10.3)
                      </td>
                    </tr>
                    <tr
                      className="MuiTableRow-root"
                      role={null}
                    >
                      <td
                        aria-sort={null}
                        className="MuiTableCell-root MuiTableCell-body"
                      >
                        Academic Background
                      </td>
                      <td
                        aria-sort={null}
                        className="MuiTableCell-root MuiTableCell-body"
                      >
                        Sophia University/ДВФУ
                      </td>
                    </tr>
                    <tr
                      className="MuiTableRow-root"
                      role={null}
                    >
                      <td
                        aria-sort={null}
                        className="MuiTableCell-root MuiTableCell-body"
                      >
                        GitHub
                      </td>
                      <td
                        aria-sort={null}
                        className="MuiTableCell-root MuiTableCell-body"
                      >
                        <a
                          href="https://github.com/koyama1003"
                          rel="noopener noreferrer"
                          target="_blank"
                        >
                          koyama1003
                        </a>
                      </td>
                    </tr>
                    <tr
                      className="MuiTableRow-root"
                      role={null}
                    >
                      <td
                        aria-sort={null}
                        className="MuiTableCell-root MuiTableCell-body"
                      >
                        Foreign Languages
                      </td>
                      <td
                        aria-sort={null}
                        className="MuiTableCell-root MuiTableCell-body"
                      >
                        TOEIC:835 ТРКИ:Ⅱ
                      </td>
                    </tr>
                  </tbody>
                </table>
              </div>
            </div>
          </div>
        </div>
        <div
          className="MuiGrid-root MuiGrid-item MuiGrid-grid-xs-12 MuiGrid-grid-sm-6"
          style={
            Object {
              "opacity": 0,
              "transform": "scale(0.75, 0.5625)",
              "transformOrigin": "20 20 45",
              "visibility": "hidden",
            }
          }
        >
          <div
            className="MuiPaper-root makeStyles-paper-34 MuiPaper-outlined"
          >
            <div
              className="makeStyles-childContainer-32"
            >
              <h2>
                SKILLSET
              </h2>
              <div
                className="MuiGrid-root MuiGrid-container"
              >
                <div
                  className="MuiGrid-root MuiGrid-item MuiGrid-grid-xs-5"
                >
                  <div
                    className="MuiBox-root MuiBox-root-49"
                  >
                    <ul
                      aria-multiselectable={false}
                      className="MuiTreeView-root makeStyles-tree-42"
                      role="tree"
                    >
                      <li
                        aria-expanded={true}
                        className="MuiTreeItem-root Mui-expanded"
                        onFocus={[Function]}
                        onKeyDown={[Function]}
                        role="treeitem"
                        tabIndex={-1}
                      >
                        <div
                          className="MuiTreeItem-content"
                          onClick={[Function]}
                          onMouseDown={[Function]}
                        >
                          <div
                            className="MuiTreeItem-iconContainer Component-iconContainer-50"
                          >
                            <svg
                              aria-hidden={true}
                              className="MuiSvgIcon-root"
                              focusable="false"
                              viewBox="0 0 24 24"
                            >
                              <path
                                d="M16.59 8.59L12 13.17 7.41 8.59 6 10l6 6 6-6z"
                              />
                            </svg>
                          </div>
                          <div
                            className="MuiTypography-root MuiTreeItem-label MuiTypography-body1"
                          >
                            BackEnd
                          </div>
                        </div>
                        <ul
                          className="MuiCollapse-container MuiTreeItem-group Component-group-51 MuiCollapse-entered"
                          role="group"
                          style={
                            Object {
                              "minHeight": "0px",
                            }
                          }
                        >
                          <div
                            className="MuiCollapse-wrapper"
                          >
                            <div
                              className="MuiCollapse-wrapperInner"
                            >
                              <li
                                aria-expanded={false}
                                className="MuiTreeItem-root"
                                onFocus={[Function]}
                                onKeyDown={[Function]}
                                role="treeitem"
                                tabIndex={-1}
                              >
                                <div
                                  className="MuiTreeItem-content"
                                  onClick={[Function]}
                                  onMouseDown={[Function]}
                                >
                                  <div
                                    className="MuiTreeItem-iconContainer"
                                  >
                                    <svg
                                      aria-hidden={true}
                                      className="MuiSvgIcon-root"
                                      focusable="false"
                                      viewBox="0 0 24 24"
                                    >
                                      <path
                                        d="M10 6L8.59 7.41 13.17 12l-4.58 4.59L10 18l6-6z"
                                      />
                                    </svg>
                                  </div>
                                  <div
                                    className="MuiTypography-root MuiTreeItem-label MuiTypography-body1"
                                  >
                                    Python
                                  </div>
                                </div>
                              </li>
                              <li
                                aria-expanded={false}
                                className="MuiTreeItem-root"
                                onFocus={[Function]}
                                onKeyDown={[Function]}
                                role="treeitem"
                                tabIndex={-1}
                              >
                                <div
                                  className="MuiTreeItem-content"
                                  onClick={[Function]}
                                  onMouseDown={[Function]}
                                >
                                  <div
                                    className="MuiTreeItem-iconContainer"
                                  >
                                    <svg
                                      aria-hidden={true}
                                      className="MuiSvgIcon-root"
                                      focusable="false"
                                      viewBox="0 0 24 24"
                                    >
                                      <path
                                        d="M10 6L8.59 7.41 13.17 12l-4.58 4.59L10 18l6-6z"
                                      />
                                    </svg>
                                  </div>
                                  <div
                                    className="MuiTypography-root MuiTreeItem-label MuiTypography-body1"
                                  >
                                    Ruby
                                  </div>
                                </div>
                              </li>
                            </div>
                          </div>
                        </ul>
                      </li>
                    </ul>
                  </div>
                  <div
                    className="MuiBox-root MuiBox-root-52"
                  >
                    <ul
                      aria-multiselectable={false}
                      className="MuiTreeView-root makeStyles-tree-42"
                      role="tree"
                    >
                      <li
                        aria-expanded={true}
                        className="MuiTreeItem-root Mui-expanded"
                        onFocus={[Function]}
                        onKeyDown={[Function]}
                        role="treeitem"
                        tabIndex={-1}
                      >
                        <div
                          className="MuiTreeItem-content"
                          onClick={[Function]}
                          onMouseDown={[Function]}
                        >
                          <div
                            className="MuiTreeItem-iconContainer Component-iconContainer-50"
                          >
                            <svg
                              aria-hidden={true}
                              className="MuiSvgIcon-root MuiSvgIcon-fontSizeInherit"
                              focusable="false"
                              style={
                                Object {
                                  "height": 14,
                                  "width": 14,
                                }
                              }
                              viewBox="0 0 24 24"
                            >
                              <path
                                d="M22.047 22.074v0 0-20.147 0h-20.12v0 20.147 0h20.12zM22.047 24h-20.12q-.803 0-1.365-.562t-.562-1.365v-20.147q0-.776.562-1.351t1.365-.575h20.147q.776 0 1.351.575t.575 1.351v20.147q0 .803-.575 1.365t-1.378.562v0zM17.873 11.023h-11.826q-.375 0-.669.281t-.294.682v0q0 .401.294 .682t.669.281h11.826q.375 0 .669-.281t.294-.682v0q0-.401-.294-.682t-.669-.281z"
                              />
                            </svg>
                          </div>
                          <div
                            className="MuiTypography-root MuiTreeItem-label MuiTypography-body1"
                          >
                            Other
                          </div>
                        </div>
                        <ul
                          className="MuiCollapse-container MuiTreeItem-group Component-group-51 MuiCollapse-entered"
                          role="group"
                          style={
                            Object {
                              "minHeight": "0px",
                            }
                          }
                        >
                          <div
                            className="MuiCollapse-wrapper"
                          >
                            <div
                              className="MuiCollapse-wrapperInner"
                            >
                              <li
                                aria-expanded={null}
                                className="MuiTreeItem-root"
                                onFocus={[Function]}
                                onKeyDown={[Function]}
                                role="treeitem"
                                tabIndex={-1}
                              >
                                <div
                                  className="MuiTreeItem-content"
                                  onClick={[Function]}
                                  onMouseDown={[Function]}
                                >
                                  <div
                                    className="MuiTreeItem-iconContainer"
                                  />
                                  <div
                                    className="MuiTypography-root MuiTreeItem-label MuiTypography-body1"
                                  >
                                    AWS
                                  </div>
                                </div>
                              </li>
                              <li
                                aria-expanded={null}
                                className="MuiTreeItem-root"
                                onFocus={[Function]}
                                onKeyDown={[Function]}
                                role="treeitem"
                                tabIndex={-1}
                              >
                                <div
                                  className="MuiTreeItem-content"
                                  onClick={[Function]}
                                  onMouseDown={[Function]}
                                >
                                  <div
                                    className="MuiTreeItem-iconContainer"
                                  />
                                  <div
                                    className="MuiTypography-root MuiTreeItem-label MuiTypography-body1"
                                  >
                                    Travis CI
                                  </div>
                                </div>
                              </li>
                              <li
                                aria-expanded={null}
                                className="MuiTreeItem-root"
                                onFocus={[Function]}
                                onKeyDown={[Function]}
                                role="treeitem"
                                tabIndex={-1}
                              >
                                <div
                                  className="MuiTreeItem-content"
                                  onClick={[Function]}
                                  onMouseDown={[Function]}
                                >
                                  <div
                                    className="MuiTreeItem-iconContainer"
                                  />
                                  <div
                                    className="MuiTypography-root MuiTreeItem-label MuiTypography-body1"
                                  >
                                    Docker
                                  </div>
                                </div>
                              </li>
                              <li
                                aria-expanded={null}
                                className="MuiTreeItem-root"
                                onFocus={[Function]}
                                onKeyDown={[Function]}
                                role="treeitem"
                                tabIndex={-1}
                              >
                                <div
                                  className="MuiTreeItem-content"
                                  onClick={[Function]}
                                  onMouseDown={[Function]}
                                >
                                  <div
                                    className="MuiTreeItem-iconContainer"
                                  />
                                  <div
                                    className="MuiTypography-root MuiTreeItem-label MuiTypography-body1"
                                  >
                                    MySQL
                                  </div>
                                </div>
                              </li>
                            </div>
                          </div>
                        </ul>
                      </li>
                    </ul>
                  </div>
                </div>
                <div
                  className="MuiGrid-root MuiGrid-item MuiGrid-grid-xs-7"
                >
                  <div
                    className="MuiBox-root MuiBox-root-53"
                  >
                    <ul
                      aria-multiselectable={false}
                      className="MuiTreeView-root makeStyles-tree-42"
                      role="tree"
                    >
                      <li
                        aria-expanded={true}
                        className="MuiTreeItem-root Mui-expanded"
                        onFocus={[Function]}
                        onKeyDown={[Function]}
                        role="treeitem"
                        tabIndex={-1}
                      >
                        <div
                          className="MuiTreeItem-content"
                          onClick={[Function]}
                          onMouseDown={[Function]}
                        >
                          <div
                            className="MuiTreeItem-iconContainer Component-iconContainer-50"
                          >
                            <svg
                              aria-hidden={true}
                              className="MuiSvgIcon-root MuiSvgIcon-fontSizeInherit"
                              focusable="false"
                              style={
                                Object {
                                  "height": 14,
                                  "width": 14,
                                }
                              }
                              viewBox="0 0 24 24"
                            >
                              <path
                                d="M22.047 22.074v0 0-20.147 0h-20.12v0 20.147 0h20.12zM22.047 24h-20.12q-.803 0-1.365-.562t-.562-1.365v-20.147q0-.776.562-1.351t1.365-.575h20.147q.776 0 1.351.575t.575 1.351v20.147q0 .803-.575 1.365t-1.378.562v0zM17.873 11.023h-11.826q-.375 0-.669.281t-.294.682v0q0 .401.294 .682t.669.281h11.826q.375 0 .669-.281t.294-.682v0q0-.401-.294-.682t-.669-.281z"
                              />
                            </svg>
                          </div>
                          <div
                            className="MuiTypography-root MuiTreeItem-label MuiTypography-body1"
                          >
                            FrontEnd
                          </div>
                        </div>
                        <ul
                          className="MuiCollapse-container MuiTreeItem-group Component-group-51 MuiCollapse-entered"
                          role="group"
                          style={
                            Object {
                              "minHeight": "0px",
                            }
                          }
                        >
                          <div
                            className="MuiCollapse-wrapper"
                          >
                            <div
                              className="MuiCollapse-wrapperInner"
                            >
                              <li
                                aria-expanded={null}
                                className="MuiTreeItem-root"
                                onFocus={[Function]}
                                onKeyDown={[Function]}
                                role="treeitem"
                                tabIndex={-1}
                              >
                                <div
                                  className="MuiTreeItem-content"
                                  onClick={[Function]}
                                  onMouseDown={[Function]}
                                >
                                  <div
                                    className="MuiTreeItem-iconContainer"
                                  />
                                  <div
                                    className="MuiTypography-root MuiTreeItem-label MuiTypography-body1"
                                  >
                                    React
                                  </div>
                                </div>
                              </li>
                              <li
                                aria-expanded={null}
                                className="MuiTreeItem-root"
                                onFocus={[Function]}
                                onKeyDown={[Function]}
                                role="treeitem"
                                tabIndex={-1}
                              >
                                <div
                                  className="MuiTreeItem-content"
                                  onClick={[Function]}
                                  onMouseDown={[Function]}
                                >
                                  <div
                                    className="MuiTreeItem-iconContainer"
                                  />
                                  <div
                                    className="MuiTypography-root MuiTreeItem-label MuiTypography-body1"
                                  >
                                    jest
                                  </div>
                                </div>
                              </li>
                              <li
                                aria-expanded={null}
                                className="MuiTreeItem-root"
                                onFocus={[Function]}
                                onKeyDown={[Function]}
                                role="treeitem"
                                tabIndex={-1}
                              >
                                <div
                                  className="MuiTreeItem-content"
                                  onClick={[Function]}
                                  onMouseDown={[Function]}
                                >
                                  <div
                                    className="MuiTreeItem-iconContainer"
                                  />
                                  <div
                                    className="MuiTypography-root MuiTreeItem-label MuiTypography-body1"
                                  >
                                    Redux
                                  </div>
                                </div>
                              </li>
                            </div>
                          </div>
                        </ul>
                      </li>
                    </ul>
                  </div>
                  <div
                    className="MuiBox-root MuiBox-root-54"
                  >
                    <ul
                      aria-multiselectable={false}
                      className="MuiTreeView-root makeStyles-tree-42"
                      role="tree"
                    >
                      <li
                        aria-expanded={true}
                        className="MuiTreeItem-root Mui-expanded"
                        onFocus={[Function]}
                        onKeyDown={[Function]}
                        role="treeitem"
                        tabIndex={-1}
                      >
                        <div
                          className="MuiTreeItem-content"
                          onClick={[Function]}
                          onMouseDown={[Function]}
                        >
                          <div
                            className="MuiTreeItem-iconContainer Component-iconContainer-50"
                          >
                            <svg
                              aria-hidden={true}
                              className="MuiSvgIcon-root"
                              focusable="false"
                              viewBox="0 0 24 24"
                            >
                              <path
                                d="M16.59 8.59L12 13.17 7.41 8.59 6 10l6 6 6-6z"
                              />
                            </svg>
                          </div>
                          <div
                            className="MuiTypography-root MuiTreeItem-label MuiTypography-body1"
                          >
                            Learning
                          </div>
                        </div>
                        <ul
                          className="MuiCollapse-container MuiTreeItem-group Component-group-51 MuiCollapse-entered"
                          role="group"
                          style={
                            Object {
                              "minHeight": "0px",
                            }
                          }
                        >
                          <div
                            className="MuiCollapse-wrapper"
                          >
                            <div
                              className="MuiCollapse-wrapperInner"
                            >
                              <li
                                aria-expanded={null}
                                className="MuiTreeItem-root"
                                onFocus={[Function]}
                                onKeyDown={[Function]}
                                role="treeitem"
                                tabIndex={-1}
                              >
                                <div
                                  className="MuiTreeItem-content"
                                  onClick={[Function]}
                                  onMouseDown={[Function]}
                                >
                                  <div
                                    className="MuiTreeItem-iconContainer"
                                  />
                                  <div
                                    className="MuiTypography-root MuiTreeItem-label MuiTypography-body1"
                                  >
                                    Webpack
                                  </div>
                                </div>
                              </li>
                              <li
                                aria-expanded={null}
                                className="MuiTreeItem-root"
                                onFocus={[Function]}
                                onKeyDown={[Function]}
                                role="treeitem"
                                tabIndex={-1}
                              >
                                <div
                                  className="MuiTreeItem-content"
                                  onClick={[Function]}
                                  onMouseDown={[Function]}
                                >
                                  <div
                                    className="MuiTreeItem-iconContainer"
                                  />
                                  <div
                                    className="MuiTypography-root MuiTreeItem-label MuiTypography-body1"
                                  >
                                    Typescript
                                  </div>
                                </div>
                              </li>
                              <li
                                aria-expanded={null}
                                className="MuiTreeItem-root"
                                onFocus={[Function]}
                                onKeyDown={[Function]}
                                role="treeitem"
                                tabIndex={-1}
                              >
                                <div
                                  className="MuiTreeItem-content"
                                  onClick={[Function]}
                                  onMouseDown={[Function]}
                                >
                                  <div
                                    className="MuiTreeItem-iconContainer"
                                  />
                                  <div
                                    className="MuiTypography-root MuiTreeItem-label MuiTypography-body1"
                                  >
                                    Firebase
                                  </div>
                                </div>
                              </li>
                            </div>
                          </div>
                        </ul>
                      </li>
                    </ul>
                  </div>
                </div>
              </div>
            </div>
          </div>
        </div>
      </div>
      <div
        className="MuiGrid-root MuiGrid-container MuiGrid-spacing-xs-2"
      >
        <div
          className="MuiGrid-root MuiGrid-item MuiGrid-grid-xs-12 MuiGrid-grid-sm-4"
        >
          <div />
        </div>
        <div
          className="MuiGrid-root MuiGrid-item MuiGrid-grid-xs-12 MuiGrid-grid-sm-8"
          style={
            Object {
              "opacity": 0,
              "transform": "scale(0.75, 0.5625)",
              "transformOrigin": "10 10 30",
              "visibility": "hidden",
            }
          }
        >
          <div
            className="MuiPaper-root makeStyles-paperbottom-35 MuiPaper-elevation3 MuiPaper-rounded"
          >
            <div
              className="MuiGrid-root MuiGrid-container MuiGrid-justify-xs-center"
              style={
                Object {
                  "opacity": 0,
                  "paddingBottom": 10,
                  "visibility": "hidden",
                }
              }
            >
              <div
                className="MuiGrid-root MuiGrid-item MuiGrid-grid-xs-12 MuiGrid-grid-sm-8"
              >
                <img
                  alt="Github stats"
                  src="https://github-readme-stats.vercel.app/api?username=koyama1003&show_icons=true&theme=vue"
                  style={
                    Object {
                      "maxWidth": "100%",
                    }
                  }
                />
              </div>
            </div>
            <div
              style={
                Object {
                  "transform": "scale(0)",
                  "visibility": "hidden",
                }
              }
            >
              <h4
                className="MuiTypography-root MuiTypography-h4 MuiTypography-gutterBottom"
              >
                Latest 
                GitHub
                 Change
              </h4>
            </div>
          </div>
        </div>
        <div
          className="MuiBottomNavigation-root makeStyles-navbar-33"
        >
          <button
            className="MuiButtonBase-root MuiBottomNavigationAction-root Mui-selected"
            disabled={false}
            onBlur={[Function]}
            onClick={[Function]}
            onDragLeave={[Function]}
            onFocus={[Function]}
            onKeyDown={[Function]}
            onKeyUp={[Function]}
            onMouseDown={[Function]}
            onMouseLeave={[Function]}
            onMouseUp={[Function]}
            onTouchEnd={[Function]}
            onTouchMove={[Function]}
            onTouchStart={[Function]}
            tabIndex={0}
            type="button"
          >
            <span
              className="MuiBottomNavigationAction-wrapper"
            >
              <svg
                aria-hidden={true}
                className="MuiSvgIcon-root"
                focusable="false"
                viewBox="0 0 24 24"
              >
                <path
                  d="M12 .3a12 12 0 0 0-3.8 23.4c.6.1.8-.3.8-.6v-2c-3.3.7-4-1.6-4-1.6-.6-1.4-1.4-1.8-1.4-1.8-1-.7.1-.7.1-.7 1.2 0 1.9 1.2 1.9 1.2 1 1.8 2.8 1.3 3.5 1 0-.8.4-1.3.7-1.6-2.7-.3-5.5-1.3-5.5-6 0-1.2.5-2.3 1.3-3.1-.2-.4-.6-1.6 0-3.2 0 0 1-.3 3.4 1.2a11.5 11.5 0 0 1 6 0c2.3-1.5 3.3-1.2 3.3-1.2.6 1.6.2 2.8 0 3.2.9.8 1.3 1.9 1.3 3.2 0 4.6-2.8 5.6-5.5 5.9.5.4.9 1 .9 2.2v3.3c0 .3.1.7.8.6A12 12 0 0 0 12 .3"
                />
              </svg>
              <span
                className="MuiBottomNavigationAction-label Mui-selected"
              >
                GitHub
              </span>
            </span>
          </button>
          <button
            className="MuiButtonBase-root MuiBottomNavigationAction-root"
            disabled={false}
            onBlur={[Function]}
            onClick={[Function]}
            onDragLeave={[Function]}
            onFocus={[Function]}
            onKeyDown={[Function]}
            onKeyUp={[Function]}
            onMouseDown={[Function]}
            onMouseLeave={[Function]}
            onMouseUp={[Function]}
            onTouchEnd={[Function]}
            onTouchMove={[Function]}
            onTouchStart={[Function]}
            tabIndex={0}
            type="button"
          >
            <span
              className="MuiBottomNavigationAction-wrapper"
            >
              <svg
                aria-hidden={true}
                className="MuiSvgIcon-root"
                focusable="false"
                viewBox="0 0 24 24"
              >
                <path
                  d="M16.75 13.96c.25.13.41.2.46.3.06.11.04.61-.21 1.18-.2.56-1.24 1.1-1.7 1.12-.46.02-.47.36-2.96-.73-2.49-1.09-3.99-3.75-4.11-3.92-.12-.17-.96-1.38-.92-2.61.05-1.22.69-1.8.95-2.04.24-.26.51-.29.68-.26h.47c.15 0 .36-.06.55.45l.69 1.87c.06.13.1.28.01.44l-.27.41-.39.42c-.12.12-.26.25-.12.5.12.26.62 1.09 1.32 1.78.91.88 1.71 1.17 1.95 1.3.24.14.39.12.54-.04l.81-.94c.19-.25.35-.19.58-.11l1.67.88M12 2a10 10 0 0 1 10 10 10 10 0 0 1-10 10c-1.97 0-3.8-.57-5.35-1.55L2 22l1.55-4.65A9.969 9.969 0 0 1 2 12 10 10 0 0 1 12 2m0 2a8 8 0 0 0-8 8c0 1.72.54 3.31 1.46 4.61L4.5 19.5l2.89-.96A7.95 7.95 0 0 0 12 20a8 8 0 0 0 8-8 8 8 0 0 0-8-8z"
                />
              </svg>
              <span
                className="MuiBottomNavigationAction-label"
              >
                Contact
              </span>
            </span>
          </button>
          <button
            className="MuiButtonBase-root MuiBottomNavigationAction-root"
            disabled={false}
            onBlur={[Function]}
            onClick={[Function]}
            onDragLeave={[Function]}
            onFocus={[Function]}
            onKeyDown={[Function]}
            onKeyUp={[Function]}
            onMouseDown={[Function]}
            onMouseLeave={[Function]}
            onMouseUp={[Function]}
            onTouchEnd={[Function]}
            onTouchMove={[Function]}
            onTouchStart={[Function]}
            tabIndex={0}
            type="button"
          >
            <span
              className="MuiBottomNavigationAction-wrapper"
            >
              <svg
                aria-hidden={true}
                className="MuiSvgIcon-root"
                focusable="false"
                viewBox="0 0 24 24"
              >
                <path
                  d="M18 2H6c-1.1 0-2 .9-2 2v16c0 1.1.9 2 2 2h12c1.1 0 2-.9 2-2V4c0-1.1-.9-2-2-2zM6 4h5v8l-2.5-1.5L6 12V4z"
                />
              </svg>
              <span
                className="MuiBottomNavigationAction-label"
              >
                Description of Skills
              </span>
            </span>
          </button>
        </div>
      </div>
      <header
        className="MuiPaper-root MuiAppBar-root MuiAppBar-positionFixed MuiAppBar-colorTransparent mui-fixed MuiPaper-elevation4"
      >
        <div
          className="MuiTabs-root"
          style={
            Object {
              "flexGrow": 1,
            }
          }
        >
          <div
            className="MuiTabs-scroller MuiTabs-fixed"
            onScroll={[Function]}
            style={
              Object {
                "marginBottom": null,
                "overflow": "hidden",
              }
            }
          >
            <div
              className="MuiTabs-flexContainer MuiTabs-centered"
              onKeyDown={[Function]}
              role="tablist"
            >
              <a
                aria-disabled={false}
                aria-selected={false}
                className="MuiButtonBase-root MuiTab-root MuiTab-textColorInherit"
                href="/"
                onBlur={[Function]}
                onClick={[Function]}
                onDragLeave={[Function]}
                onFocus={[Function]}
                onKeyDown={[Function]}
                onKeyUp={[Function]}
                onMouseDown={[Function]}
                onMouseLeave={[Function]}
                onMouseUp={[Function]}
                onTouchEnd={[Function]}
                onTouchMove={[Function]}
                onTouchStart={[Function]}
                role="tab"
                tabIndex={-1}
              >
                <span
                  className="MuiTab-wrapper"
                >
                  TOP
                </span>
              </a>
              <a
                aria-disabled={false}
                aria-selected={false}
                className="MuiButtonBase-root MuiTab-root MuiTab-textColorInherit"
                href="/profile"
                onBlur={[Function]}
                onClick={[Function]}
                onDragLeave={[Function]}
                onFocus={[Function]}
                onKeyDown={[Function]}
                onKeyUp={[Function]}
                onMouseDown={[Function]}
                onMouseLeave={[Function]}
                onMouseUp={[Function]}
                onTouchEnd={[Function]}
                onTouchMove={[Function]}
                onTouchStart={[Function]}
                role="tab"
                tabIndex={-1}
              >
                <span
                  className="MuiTab-wrapper"
                >
                  PROFILE
                </span>
              </a>
              <a
                aria-disabled={false}
                aria-selected={false}
                className="MuiButtonBase-root MuiTab-root MuiTab-textColorInherit"
                href="/works"
                onBlur={[Function]}
                onClick={[Function]}
                onDragLeave={[Function]}
                onFocus={[Function]}
                onKeyDown={[Function]}
                onKeyUp={[Function]}
                onMouseDown={[Function]}
                onMouseLeave={[Function]}
                onMouseUp={[Function]}
                onTouchEnd={[Function]}
                onTouchMove={[Function]}
                onTouchStart={[Function]}
                role="tab"
                tabIndex={-1}
              >
                <span
                  className="MuiTab-wrapper"
                >
                  WORKS
                </span>
              </a>
            </div>
          </div>
        </div>
      </header>
    </div>
  </div>
</div>
`;
